Need to install the following packages:
vitest@4.0.18
